// Jest Snapshot v1, https://goo.gl/fbAQLP

exports[`Header matches snapshot 1`] = `
<DocumentFragment>
  <header
    class="css-11e9v45"
  >
    <nav
      class="css-iujbr9"
    >
      <button
        aria-controls="menu-list-2"
        aria-expanded="false"
        aria-haspopup="menu"
        class="chakra-button chakra-menu__menu-button css-18gjhjh"
        id="menu-button-2"
        type="button"
      >
        <span
          class="css-a9hmjk"
        >
          Register
        </span>
      </button>
      <button
        aria-controls="menu-list-2"
        aria-expanded="false"
        aria-haspopup="menu"
        class="chakra-button chakra-menu__menu-button css-1erotde"
        id="menu-button-2"
        type="button"
      >
        <span
          class="css-a9hmjk"
        >
          Login
        </span>
      </button>
      <button
        aria-label="Switch to light mode"
        class="chakra-button css-sx0t2q"
        type="button"
      >
        <svg
          aria-hidden="true"
          fill="currentColor"
          focusable="false"
          height="1em"
          stroke="currentColor"
          stroke-width="0"
          viewBox="0 0 512 512"
          width="1em"
          xmlns="http://www.w3.org/2000/svg"
        >
          <path
            d="M256 160c-52.9 0-96 43.1-96 96s43.1 96 96 96 96-43.1 96-96-43.1-96-96-96zm246.4 80.5l-94.7-47.3 33.5-100.4c4.5-13.6-8.4-26.5-21.9-21.9l-100.4 33.5-47.4-94.8c-6.4-12.8-24.6-12.8-31 0l-47.3 94.7L92.7 70.8c-13.6-4.5-26.5 8.4-21.9 21.9l33.5 100.4-94.7 47.4c-12.8 6.4-12.8 24.6 0 31l94.7 47.3-33.5 100.5c-4.5 13.6 8.4 26.5 21.9 21.9l100.4-33.5 47.3 94.7c6.4 12.8 24.6 12.8 31 0l47.3-94.7 100.4 33.5c13.6 4.5 26.5-8.4 21.9-21.9l-33.5-100.4 94.7-47.3c13-6.5 13-24.7.2-31.1zm-155.9 106c-49.9 49.9-131.1 49.9-181 0-49.9-49.9-49.9-131.1 0-181 49.9-49.9 131.1-49.9 181 0 49.9 49.9 49.9 131.1 0 181z"
          />
        </svg>
      </button>
    </nav>
  </header>
</DocumentFragment>
`;
